
> diet-app@0.1.0 build
> next build

node.exe : ÔÜá Warning: Next.js infe
rred your workspace root, but it may
 not be correct.
At C:\Program Files\nodejs\npm.ps1:2
9 char:3
+   & $NODE_EXE $NPM_CLI_JS $args
+   ~~~~~~~~~~~~~~~~~~~~~~~~~~~~~
    + CategoryInfo          : NotSp 
   ecified: (ÔÜá Warning: Ne...not  
   be correct.:String) [], Remote   
 Exception
    + FullyQualifiedErrorId : Nativ 
   eCommandError
 
 We detected multiple lockfiles and 
selected the directory of C:\Users\M
ustafa\Downloads\diyet_plan\package-
lock.json as the root directory.
 To silence this warning, set `turbo
pack.root` in your Next.js config, o
r consider removing one of the lockf
iles if it's not needed.
   See https://nextjs.org/docs/app/a
pi-reference/config/next-config-js/t
urbopack#root-directory for more inf
ormation.
 Detected additional lockfiles: 
   * C:\Users\Mustafa\Downloads\diye
t_plan\diet-app\package-lock.json

Ôû▓ Next.js 16.1.3 (Turbopack)
- Environments: .env.local

ÔÜá The "middleware" file convention
 is deprecated. Please use "proxy" i
nstead. Learn more: https://nextjs.o
rg/docs/messages/middleware-to-proxy
  Creating an optimized production build ...
Turbopack build encountered 1 warnin
gs:
./diet-app/src/app/api/ai/analyze-me
al-photo/route.ts:8:14
Next.js can't recognize the exported
 `config` field in route. Page confi
g in `config` is deprecated and igno
red, use individual exports instead.
[0m [90m  6 |[39m [36mconst[39m
 genAI [33m=[39m process[33m.[39
menv[33m.[39m[33mGEMINI_API_KEY[
39m [33m?[39m [36mnew[39m [33mG
oogleGenerativeAI[39m(process[33m.
[39menv[33m.[39m[33mGEMINI_API_K
EY[39m) [33m:[39m [36mnull[39m
[33m;[39m
 [90m  7 |[39m
[31m[1m>[22m[39m[90m  8 |[39m 
[36mexport[39m [36mconst[39m con
fig [33m=[39m {
 [90m    |[39m              [31m
[1m^[22m[39m[31m[1m^[22m[39m[
31m[1m^[22m[39m[31m[1m^[22m[3
9m[31m[1m^[22m[39m[31m[1m^[22
m[39m
 [90m  9 |[39m     api[33m:[39m 
{
 [90m 10 |[39m         bodyParser
[33m:[39m {
 [90m 11 |[39m             sizeLim
it[33m:[39m [32m'4mb'[39m[33m,
[39m [90m// Allow larger for images
[39m[0m

The exported configuration object in
 a source file needs to have a very 
specific format from which some prop
erties can be statically parsed at c
ompiled-time.

https://nextjs.org/docs/app/api-refe
rence/file-conventions/route-segment
-config


Ô£ô Compiled successfully in 6.8s
  Running TypeScript ...
  Collecting page data using 19 workers ...
  Generating static pages using 19 workers (0/39) ...
  Generating static pages using 19 workers (9/39) 
  Generating static pages using 19 workers (19/39) 
  Generating static pages using 19 workers (29/39) 
Ô£ô Generating static pages using 19 workers (39/39) in 766.5ms
  Finalizing page optimization ...

Route (app)
Ôöî Ôùï /
Ôö£ Ôùï /_not-found
Ôö£ Ôùï /admin
Ôö£ Ôùï /admin/dietitians
Ôö£ ãÆ /admin/dietitians/[id]
Ôö£ Ôùï /admin/diseases
Ôö£ Ôùï /admin/doctors
Ôö£ Ôùï /admin/food-proposals
Ôö£ Ôùï /admin/medications
Ôö£ Ôùï /admin/messages
Ôö£ Ôùï /admin/recipes
Ôö£ Ôùï /admin/rules
Ôö£ Ôùï /admin/settings/ai
Ôö£ Ôùï /admin/settings/general
Ôö£ Ôùï /admin/teams
Ôö£ Ôùï /admin/users
Ôö£ ãÆ /api/admin/food-proposals
Ôö£ ãÆ /api/admin/users/update
Ôö£ ãÆ /api/ai/analyze-meal-photo
Ôö£ ãÆ /api/ai/disease-details
Ôö£ ãÆ /api/ai/estimate-food-macros
Ôö£ ãÆ /api/ai/medication-details
Ôö£ ãÆ /api/ai/micronutrient-details
Ôö£ ãÆ /api/ai/patient-analysis
Ôö£ ãÆ /api/ai/patient-analysis/detail
Ôö£ ãÆ /api/ai/search-food-suggestions
Ôö£ ãÆ /api/run-setup-sql
Ôö£ ãÆ /auth/callback
Ôö£ Ôùï /foods
Ôö£ Ôùï /login
Ôö£ Ôùï /patient
Ôö£ Ôùï /patient/meals
Ôö£ Ôùï /patient/messages
Ôö£ Ôùï /patient/plan
Ôö£ Ôùï /patient/settings
Ôö£ Ôùï /patients
Ôö£ ãÆ /patients/[id]
Ôö£ Ôùï /programs
Ôöö Ôùï /register


ãÆ Proxy (Middleware)

Ôùï  (Static)   prerendered as static content
ãÆ  (Dynamic)  server-rendered on demand

