Ôû▓ Next.js 16.1.3 (Turbopack)
- Environments: .env.local

node.exe : ÔÜá The "m
iddleware" file conve
ntion is deprecated. 
Please use "proxy" in
stead. Learn more: ht
tps://nextjs.org/docs
/messages/middleware-
to-proxy
At C:\Program Files\n
odejs\npx.ps1:29 char
:3
+   & $NODE_EXE $NPX_
CLI_JS $args
+   ~~~~~~~~~~~~~~~~~
~~~~~~~~~~~~
    + CategoryInfo   
           : NotSpe  
  cified: (ÔÜá The   
  "middle...lewar    
e-to-proxy:Strin    g
) [], RemoteExc    ep
tion
    + FullyQualified 
   ErrorId : Native  
  CommandError
 
  Creating an optimized production build ...
Ô£ô Compiled successfully in 3.5s
  Running TypeScript ...
Failed to compile.

./src/components/diet
/food-sidebar.tsx:367
:51
Type error: Argument 
of type '{ allowedTag
s: string[]; bannedKe
ywords: string[]; ban
nedTags?: string[] | 
undefined; dietName: 
string; }' is not ass
ignable to parameter 
of type 'DietRules'.
  Types of property '
bannedTags' are incom
patible.
    Type 'string[] | 
undefined' is not ass
ignable to type 'stri
ng[]'.
      Type 'undefined
' is not assignable t
o type 'string[]'.

[0m [90m 365 |[39m
     [90m// Filter f
oods by compatibility
 switch[39m
 [90m 366 |[39m    
 [36mconst[39m disp
layedFoods [33m=[39
m showCompatibleOnly 
[33m&&[39m activeDi
etRules
[31m[1m>[22m[39m
[90m 367 |[39m      
   [33m?[39m foods
[33m.[39mfilter(f [
33m=>[39m checkCompa
tibility(f[33m,[39m
 activeDietRules)[33
m.[39mcompatible)
 [90m     |[39m    
                     
                     
     [31m[1m^[22m
[39m
 [90m 368 |[39m    
     [33m:[39m food
s
 [90m 369 |[39m
 [90m 370 |[39m    
 [90m// Sort foods b
y usage count (0-coun
t always at bottom)[
39m[0m
Next.js build worker 
exited with code: 1 a
nd signal: null
