src/app/patient/plan/page.tsx(3541,41): error TS2322: Type '{ dayId: string; mealTime: any; patientDietType: any; onSave: () => void; trigger: Element; }' is not assignable to type 'IntrinsicAttributes & PhotoMealLogModalProps'.
  Property 'patientDietType' does not exist on type 'IntrinsicAttributes & PhotoMealLogModalProps'.
src/app/patients/[id]/page.tsx(3818,29): error TS2322: Type '{ dayId: string; mealTime: string; patientDietType: string | undefined; onSave: () => void; trigger: Element; }' is not assignable to type 'IntrinsicAttributes & PhotoMealLogModalProps'.
  Property 'patientDietType' does not exist on type 'IntrinsicAttributes & PhotoMealLogModalProps'.
src/app/patients/[id]/page.tsx(4998,25): error TS2322: Type '{ dayId: string; mealTime: string; patientDietType: string | undefined; onSave: () => void; trigger: Element; }' is not assignable to type 'IntrinsicAttributes & PhotoMealLogModalProps'.
  Property 'patientDietType' does not exist on type 'IntrinsicAttributes & PhotoMealLogModalProps'.
