src/lib/planner/engine.ts(2123,71): error TS7006: Parameter 't' implicitly has an 'any' type.
src/lib/planner/engine.ts(2948,87): error TS7006: Parameter 'sf' implicitly has an 'any' type.
src/lib/planner/engine.ts(2949,82): error TS7006: Parameter 'sf' implicitly has an 'any' type.
src/lib/planner/engine.ts(3039,87): error TS7006: Parameter 'sf' implicitly has an 'any' type.
src/lib/planner/engine.ts(3040,82): error TS7006: Parameter 'sf' implicitly has an 'any' type.
