src/lib/planner/engine.ts(1,26): error TS2307: Cannot find module '@/lib/supabase' or its corresponding type declarations.
src/lib/planner/engine.ts(2,36): error TS2307: Cannot find module '@/utils/compatibility-checker' or its corresponding type declarations.
src/lib/planner/engine.ts(3,80): error TS2307: Cannot find module '@/types/planner' or its corresponding type declarations.
